C:/ST/touchUI_Development/touchUI_Bringup/Drivers/CMSIS/Include/core_cm55.h:3918:22:__NVIC_EnableIRQ	2
C:/ST/touchUI_Development/touchUI_Bringup/Drivers/CMSIS/Include/core_cm55.h:3956:22:__NVIC_DisableIRQ	2
C:/ST/touchUI_Development/touchUI_Bringup/Drivers/STM32N6xx_HAL_Driver/Inc/stm32n6xx_ll_bus.h:1165:22:LL_AHB3_GRP1_EnableClock	1
C:/ST/touchUI_Development/touchUI_Bringup/Drivers/STM32N6xx_HAL_Driver/Inc/stm32n6xx_ll_bus.h:1407:22:LL_AHB4_GRP1_EnableClock	1
C:/ST/touchUI_Development/touchUI_Bringup/Drivers/STM32N6xx_HAL_Driver/Inc/stm32n6xx_ll_bus.h:1449:26:LL_AHB4_GRP1_IsEnabledClock	2
C:/ST/touchUI_Development/touchUI_Bringup/Drivers/STM32N6xx_HAL_Driver/Inc/stm32n6xx_ll_bus.h:1755:22:LL_AHB5_GRP1_EnableClock	1
C:/ST/touchUI_Development/touchUI_Bringup/Drivers/STM32N6xx_HAL_Driver/Inc/stm32n6xx_ll_bus.h:2341:26:LL_APB1_GRP1_IsEnabledClock	2
C:/ST/touchUI_Development/touchUI_Bringup/Drivers/STM32N6xx_HAL_Driver/Inc/stm32n6xx_ll_bus.h:2403:22:LL_APB1_GRP1_DisableClock	1
C:/ST/touchUI_Development/touchUI_Bringup/Drivers/STM32N6xx_HAL_Driver/Inc/stm32n6xx_ll_bus.h:2465:22:LL_APB1_GRP1_ForceReset	1
C:/ST/touchUI_Development/touchUI_Bringup/Drivers/STM32N6xx_HAL_Driver/Inc/stm32n6xx_ll_bus.h:2527:22:LL_APB1_GRP1_ReleaseReset	1
C:/ST/touchUI_Development/touchUI_Bringup/Drivers/STM32N6xx_HAL_Driver/Inc/stm32n6xx_ll_bus.h:3495:22:LL_APB4_GRP2_EnableClock	1
../Core/Src/main.c:152:19:I2C_ReadRegister_0x55	3
../Core/Src/main.c:183:6:process_touch_data	8
../Core/Src/main.c:244:6:SystemClock_Config	12
../Core/Src/main.c:403:6:I2C_Force_BusRecovery	2
../Core/Src/main.c:459:6:I2C_ClearBusyFlag	1
../Core/Src/main.c:479:6:I2C_DiagnosticCheck	21
../Core/Src/main.c:554:13:MX_TIM4_Init	4
../Core/Src/main.c:606:5:main	7
../Core/Src/main.c:808:13:MX_CRC_Init	2
../Core/Src/main.c:839:13:MX_DMA2D_Init	3
../Core/Src/main.c:876:13:MX_GPU2D_Init	2
../Core/Src/main.c:902:13:MX_HPDMA1_Init	1
../Core/Src/main.c:932:13:MX_I2C1_Init	4
../Core/Src/main.c:986:13:MX_ICACHE_Init	2
../Core/Src/main.c:1014:13:MX_JPEG_Init	2
../Core/Src/main.c:1040:13:MX_LTDC_Init	3
../Core/Src/main.c:1126:13:MX_RAMCFG_Init	5
../Core/Src/main.c:1179:15:SystemIsolation_Config	3
../Core/Src/main.c:1266:13:MX_USART1_UART_Init	5
../Core/Src/main.c:1314:13:MX_GPIO_Init	1
../Core/Src/main.c:1380:5:_write	1
../Core/Src/main.c:1406:6:uart_printf	2
../Core/Src/main.c:1421:5:__putchar	1
../Core/Src/main.c:1552:6:MPU_Config	1
../Core/Src/main.c:1666:6:HAL_TIM_PeriodElapsedCallback	2
../Core/Src/main.c:1687:6:HAL_UARTEx_RxEventCallback	1
../Core/Src/main.c:1698:6:Error_Handler	1
