../../Drivers/STM32N6xx_HAL_Driver/Inc/stm32n6xx_ll_bus.h:1165:22:LL_AHB3_GRP1_EnableClock	24	static
../../Drivers/STM32N6xx_HAL_Driver/Inc/stm32n6xx_ll_bus.h:1407:22:LL_AHB4_GRP1_EnableClock	24	static
../Core/Src/main.c:80:19:I2C_ReadRegister_0x55	32	static
../Core/Src/main.c:111:6:process_touch_data	56	static
../Core/Src/main.c:181:5:main	16	static
../Core/Src/main.c:262:13:MX_I2C1_Init	8	static
../Core/Src/main.c:310:15:SystemIsolation_Config	8	static
../Core/Src/main.c:343:13:MX_USART1_UART_Init	8	static
../Core/Src/main.c:391:13:MX_GPIO_Init	32	static
../Core/Src/main.c:423:5:_write	24	static
../Core/Src/main.c:449:6:uart_printf	272	static
../Core/Src/main.c:464:5:__putchar	16	static
../Core/Src/main.c:476:6:Error_Handler	4	static,ignoring_inline_asm
