../../Drivers/STM32N6xx_HAL_Driver/Inc/stm32n6xx_ll_bus.h:1165:22:LL_AHB3_GRP1_EnableClock	1
../../Drivers/STM32N6xx_HAL_Driver/Inc/stm32n6xx_ll_bus.h:1407:22:LL_AHB4_GRP1_EnableClock	1
../Core/Src/main.c:79:19:I2C_ReadRegister_0x55	3
../Core/Src/main.c:112:5:main	12
../Core/Src/main.c:259:13:MX_I2C1_Init	4
../Core/Src/main.c:307:15:SystemIsolation_Config	1
../Core/Src/main.c:340:13:MX_USART1_UART_Init	5
../Core/Src/main.c:388:13:MX_GPIO_Init	1
../Core/Src/main.c:420:5:_write	1
../Core/Src/main.c:446:6:uart_printf	2
../Core/Src/main.c:461:5:__putchar	1
../Core/Src/main.c:473:6:Error_Handler	1
