C:/ST/touchUI_Development/touchUI_Bringup/Drivers/CMSIS/Include/core_cm55.h:3918:22:__NVIC_EnableIRQ	16	static,ignoring_inline_asm
C:/ST/touchUI_Development/touchUI_Bringup/Drivers/CMSIS/Include/core_cm55.h:3956:22:__NVIC_DisableIRQ	16	static,ignoring_inline_asm
C:/ST/touchUI_Development/touchUI_Bringup/Drivers/STM32N6xx_HAL_Driver/Inc/stm32n6xx_ll_bus.h:1165:22:LL_AHB3_GRP1_EnableClock	24	static
C:/ST/touchUI_Development/touchUI_Bringup/Drivers/STM32N6xx_HAL_Driver/Inc/stm32n6xx_ll_bus.h:1407:22:LL_AHB4_GRP1_EnableClock	24	static
C:/ST/touchUI_Development/touchUI_Bringup/Drivers/STM32N6xx_HAL_Driver/Inc/stm32n6xx_ll_bus.h:1449:26:LL_AHB4_GRP1_IsEnabledClock	16	static
C:/ST/touchUI_Development/touchUI_Bringup/Drivers/STM32N6xx_HAL_Driver/Inc/stm32n6xx_ll_bus.h:1755:22:LL_AHB5_GRP1_EnableClock	24	static
C:/ST/touchUI_Development/touchUI_Bringup/Drivers/STM32N6xx_HAL_Driver/Inc/stm32n6xx_ll_bus.h:2341:26:LL_APB1_GRP1_IsEnabledClock	16	static
C:/ST/touchUI_Development/touchUI_Bringup/Drivers/STM32N6xx_HAL_Driver/Inc/stm32n6xx_ll_bus.h:2403:22:LL_APB1_GRP1_DisableClock	16	static
C:/ST/touchUI_Development/touchUI_Bringup/Drivers/STM32N6xx_HAL_Driver/Inc/stm32n6xx_ll_bus.h:2465:22:LL_APB1_GRP1_ForceReset	16	static
C:/ST/touchUI_Development/touchUI_Bringup/Drivers/STM32N6xx_HAL_Driver/Inc/stm32n6xx_ll_bus.h:2527:22:LL_APB1_GRP1_ReleaseReset	16	static
C:/ST/touchUI_Development/touchUI_Bringup/Drivers/STM32N6xx_HAL_Driver/Inc/stm32n6xx_ll_bus.h:3495:22:LL_APB4_GRP2_EnableClock	24	static
../Core/Src/main.c:158:19:I2C_ReadRegister_0x55	32	static
../Core/Src/main.c:189:6:process_touch_data	56	static
../Core/Src/main.c:250:6:SystemClock_Config	640	static
../Core/Src/main.c:409:6:I2C_Force_BusRecovery	32	static
../Core/Src/main.c:465:6:I2C_ClearBusyFlag	8	static
../Core/Src/main.c:485:6:I2C_DiagnosticCheck	48	static
../Core/Src/main.c:560:13:MX_TIM4_Init	48	static
../Core/Src/main.c:612:5:main	24	static,ignoring_inline_asm
../Core/Src/main.c:816:13:MX_CRC_Init	8	static
../Core/Src/main.c:847:13:MX_DMA2D_Init	8	static
../Core/Src/main.c:884:13:MX_GPU2D_Init	8	static
../Core/Src/main.c:910:13:MX_HPDMA1_Init	8	static
../Core/Src/main.c:940:13:MX_I2C1_Init	8	static
../Core/Src/main.c:994:13:MX_ICACHE_Init	8	static
../Core/Src/main.c:1022:13:MX_JPEG_Init	8	static
../Core/Src/main.c:1048:13:MX_LTDC_Init	64	static
../Core/Src/main.c:1134:13:MX_RAMCFG_Init	8	static
../Core/Src/main.c:1187:15:SystemIsolation_Config	16	static
../Core/Src/main.c:1274:13:MX_USART1_UART_Init	8	static
../Core/Src/main.c:1322:13:MX_GPIO_Init	32	static
../Core/Src/main.c:1388:5:_write	24	static
../Core/Src/main.c:1414:6:uart_printf	272	static
../Core/Src/main.c:1429:5:__putchar	16	static
../Core/Src/main.c:1560:37:MPU_Config	40	static,ignoring_inline_asm
../Core/Src/main.c:1674:6:HAL_TIM_PeriodElapsedCallback	16	static
../Core/Src/main.c:1695:6:HAL_UARTEx_RxEventCallback	16	static
../Core/Src/main.c:1706:6:Error_Handler	4	static,ignoring_inline_asm
