C:/ST/touchUI_Development/touchUI_Bringup/Drivers/STM32N6xx_HAL_Driver/Inc/stm32n6xx_ll_bus.h:1009:22:LL_AHB2_GRP1_EnableClock	24	static
C:/ST/touchUI_Development/touchUI_Bringup/Drivers/STM32N6xx_HAL_Driver/Inc/stm32n6xx_ll_bus.h:1045:22:LL_AHB2_GRP1_DisableClock	16	static
C:/ST/touchUI_Development/touchUI_Bringup/Drivers/STM32N6xx_HAL_Driver/Inc/stm32n6xx_ll_bus.h:1407:22:LL_AHB4_GRP1_EnableClock	24	static
C:/ST/touchUI_Development/touchUI_Bringup/Drivers/STM32N6xx_HAL_Driver/Inc/stm32n6xx_ll_bus.h:1487:22:LL_AHB4_GRP1_DisableClock	16	static
C:/ST/touchUI_Development/touchUI_Bringup/Drivers/STM32N6xx_HAL_Driver/Inc/stm32n6xx_ll_bus.h:1755:22:LL_AHB5_GRP1_EnableClock	24	static
C:/ST/touchUI_Development/touchUI_Bringup/Drivers/STM32N6xx_HAL_Driver/Inc/stm32n6xx_ll_bus.h:1891:22:LL_AHB5_GRP1_DisableClock	16	static
C:/ST/touchUI_Development/touchUI_Bringup/Drivers/STM32N6xx_HAL_Driver/Inc/stm32n6xx_ll_bus.h:2273:22:LL_APB1_GRP1_EnableClock	24	static
C:/ST/touchUI_Development/touchUI_Bringup/Drivers/STM32N6xx_HAL_Driver/Inc/stm32n6xx_ll_bus.h:2403:22:LL_APB1_GRP1_DisableClock	16	static
C:/ST/touchUI_Development/touchUI_Bringup/Drivers/STM32N6xx_HAL_Driver/Inc/stm32n6xx_ll_bus.h:2909:22:LL_APB2_GRP1_EnableClock	24	static
C:/ST/touchUI_Development/touchUI_Bringup/Drivers/STM32N6xx_HAL_Driver/Inc/stm32n6xx_ll_bus.h:2997:22:LL_APB2_GRP1_DisableClock	16	static
C:/ST/touchUI_Development/touchUI_Bringup/Drivers/STM32N6xx_HAL_Driver/Inc/stm32n6xx_ll_bus.h:3639:22:LL_APB5_GRP1_EnableClock	24	static
C:/ST/touchUI_Development/touchUI_Bringup/Drivers/STM32N6xx_HAL_Driver/Inc/stm32n6xx_ll_bus.h:3683:22:LL_APB5_GRP1_DisableClock	16	static
../Core/Src/stm32n6xx_hal_msp.c:65:6:HAL_TIM_PWM_MspInit	16	static
../Core/Src/stm32n6xx_hal_msp.c:82:6:HAL_TIM_MspPostInit	40	static
../Core/Src/stm32n6xx_hal_msp.c:109:6:HAL_TIM_PWM_MspDeInit	16	static
../Core/Src/stm32n6xx_hal_msp.c:129:6:HAL_MspInit	8	static
../Core/Src/stm32n6xx_hal_msp.c:158:6:HAL_CRC_MspInit	16	static
../Core/Src/stm32n6xx_hal_msp.c:181:6:HAL_CRC_MspDeInit	16	static
../Core/Src/stm32n6xx_hal_msp.c:203:6:HAL_DMA2D_MspInit	16	static
../Core/Src/stm32n6xx_hal_msp.c:229:6:HAL_DMA2D_MspDeInit	16	static
../Core/Src/stm32n6xx_hal_msp.c:254:6:HAL_GPU2D_MspInit	16	static
../Core/Src/stm32n6xx_hal_msp.c:282:6:HAL_GPU2D_MspDeInit	16	static
../Core/Src/stm32n6xx_hal_msp.c:308:6:HAL_I2C_MspInit	440	static
../Core/Src/stm32n6xx_hal_msp.c:363:6:HAL_I2C_MspDeInit	16	static
../Core/Src/stm32n6xx_hal_msp.c:394:6:HAL_JPEG_MspInit	32	static
../Core/Src/stm32n6xx_hal_msp.c:489:6:HAL_JPEG_MspDeInit	16	static
../Core/Src/stm32n6xx_hal_msp.c:518:6:HAL_LTDC_MspInit	440	static
../Core/Src/stm32n6xx_hal_msp.c:634:6:HAL_LTDC_MspDeInit	16	static
../Core/Src/stm32n6xx_hal_msp.c:701:6:HAL_RAMCFG_MspInit	16	static
../Core/Src/stm32n6xx_hal_msp.c:720:6:HAL_RAMCFG_MspDeInit	16	static
../Core/Src/stm32n6xx_hal_msp.c:739:6:HAL_UART_MspInit	440	static
../Core/Src/stm32n6xx_hal_msp.c:790:6:HAL_UART_MspDeInit	16	static
