C:/ST/touchUI_Development/touchUI_Bringup/Appli/Middlewares/ST/touchgfx/framework/include/touchgfx/Screen.hpp:104:18:virtual void touchgfx::Screen::afterTransition()	16	static
C:/ST/touchUI_Development/touchUI_Bringup/Appli/Middlewares/ST/touchgfx/framework/include/touchgfx/Screen.hpp:115:18:virtual void touchgfx::Screen::tearDownScreen()	16	static
C:/ST/touchUI_Development/touchUI_Bringup/Appli/Middlewares/ST/touchgfx/framework/include/touchgfx/Screen.hpp:144:18:virtual void touchgfx::Screen::handleTickEvent()	16	static
C:/ST/touchUI_Development/touchUI_Bringup/Appli/Middlewares/ST/touchgfx/framework/include/touchgfx/Screen.hpp:154:18:virtual void touchgfx::Screen::handleKeyEvent(uint8_t)	16	static
C:/ST/touchUI_Development/touchUI_Bringup/Appli/TouchGFX/generated/gui_generated/include/gui_generated/home_screen/homeViewBase.hpp:29:26:FrontendApplication& homeViewBase::application()	16	static
C:/ST/touchUI_Development/touchUI_Bringup/Appli/Middlewares/ST/touchgfx/framework/include/touchgfx/Callback.hpp:357:8:touchgfx::Callback<homeView, int>::~Callback()	16	static
C:/ST/touchUI_Development/touchUI_Bringup/Appli/Middlewares/ST/touchgfx/framework/include/touchgfx/Callback.hpp:357:8:virtual touchgfx::Callback<homeView, int>::~Callback()	16	static
C:/ST/touchUI_Development/touchUI_Bringup/Appli/TouchGFX/gui/include/gui/home_screen/homeView.hpp:13:13:homeView::~homeView()	16	static
C:/ST/touchUI_Development/touchUI_Bringup/Appli/TouchGFX/gui/include/gui/home_screen/homeView.hpp:13:13:virtual homeView::~homeView()	16	static
../TouchGFX/gui/src/home_screen/homeView.cpp:3:1:homeView::homeView()	24	static
../TouchGFX/gui/src/home_screen/homeView.cpp:8:6:virtual void homeView::setupScreen()	16	static
../TouchGFX/gui/src/home_screen/homeView.cpp:13:6:virtual void homeView::tearDownScreen()	16	static
../TouchGFX/gui/src/home_screen/homeView.cpp:18:6:virtual void homeView::scrollList1UpdateItem(CustomContainer1&, int16_t)	24	static
../TouchGFX/gui/src/home_screen/homeView.cpp:24:6:void homeView::itemSelected(int)	16	static
C:/ST/touchUI_Development/touchUI_Bringup/Appli/Middlewares/ST/touchgfx/framework/include/touchgfx/Callback.hpp:138:13:touchgfx::GenericCallback<T1, void, void>::~GenericCallback() [with T1 = int]	16	static
C:/ST/touchUI_Development/touchUI_Bringup/Appli/Middlewares/ST/touchgfx/framework/include/touchgfx/Callback.hpp:138:13:touchgfx::GenericCallback<T1, void, void>::~GenericCallback() [with T1 = int]	16	static
C:/ST/touchUI_Development/touchUI_Bringup/Appli/Middlewares/ST/touchgfx/framework/include/touchgfx/Callback.hpp:134:7:constexpr touchgfx::GenericCallback<int>::GenericCallback()	16	static
C:/ST/touchUI_Development/touchUI_Bringup/Appli/Middlewares/ST/touchgfx/framework/include/touchgfx/Callback.hpp:373:5:touchgfx::Callback<dest_type, T1, void, void>::Callback(dest_type*, void (dest_type::*)(T1)) [with dest_type = homeView; T1 = int]	24	static
C:/ST/touchUI_Development/touchUI_Bringup/Appli/Middlewares/ST/touchgfx/framework/include/touchgfx/Callback.hpp:386:18:void touchgfx::Callback<dest_type, T1, void, void>::execute(T1) [with dest_type = homeView; T1 = int]	16	static
C:/ST/touchUI_Development/touchUI_Bringup/Appli/Middlewares/ST/touchgfx/framework/include/touchgfx/Callback.hpp:396:18:bool touchgfx::Callback<dest_type, T1, void, void>::isValid() const [with dest_type = homeView; T1 = int]	16	static
