../../../Drivers/STM32N6xx_HAL_Driver/Inc/stm32n6xx_ll_bus.h:1165:22:LL_AHB3_GRP1_EnableClock	1
../../../Drivers/STM32N6xx_HAL_Driver/Inc/stm32n6xx_ll_bus.h:1407:22:LL_AHB4_GRP1_EnableClock	1
../../../Drivers/STM32N6xx_HAL_Driver/Inc/stm32n6xx_ll_bus.h:1755:22:LL_AHB5_GRP1_EnableClock	1
C:/CurrentDevelopment/touchUIPCB/touchUI_Bringup/Appli/Core/Src/main.c:110:19:I2C_ReadRegister_0x55	3
C:/CurrentDevelopment/touchUIPCB/touchUI_Bringup/Appli/Core/Src/main.c:141:6:process_touch_data	8
C:/CurrentDevelopment/touchUIPCB/touchUI_Bringup/Appli/Core/Src/main.c:208:5:main	5
C:/CurrentDevelopment/touchUIPCB/touchUI_Bringup/Appli/Core/Src/main.c:283:13:MX_CRC_Init	2
C:/CurrentDevelopment/touchUIPCB/touchUI_Bringup/Appli/Core/Src/main.c:314:13:MX_DMA2D_Init	3
C:/CurrentDevelopment/touchUIPCB/touchUI_Bringup/Appli/Core/Src/main.c:351:13:MX_GPU2D_Init	2
C:/CurrentDevelopment/touchUIPCB/touchUI_Bringup/Appli/Core/Src/main.c:377:13:MX_HPDMA1_Init	5
C:/CurrentDevelopment/touchUIPCB/touchUI_Bringup/Appli/Core/Src/main.c:449:13:MX_I2C1_Init	4
C:/CurrentDevelopment/touchUIPCB/touchUI_Bringup/Appli/Core/Src/main.c:497:13:MX_ICACHE_Init	1
C:/CurrentDevelopment/touchUIPCB/touchUI_Bringup/Appli/Core/Src/main.c:518:13:MX_JPEG_Init	2
C:/CurrentDevelopment/touchUIPCB/touchUI_Bringup/Appli/Core/Src/main.c:544:13:MX_LTDC_Init	3
C:/CurrentDevelopment/touchUIPCB/touchUI_Bringup/Appli/Core/Src/main.c:606:13:MX_RAMCFG_Init	5
C:/CurrentDevelopment/touchUIPCB/touchUI_Bringup/Appli/Core/Src/main.c:659:15:SystemIsolation_Config	3
C:/CurrentDevelopment/touchUIPCB/touchUI_Bringup/Appli/Core/Src/main.c:741:13:MX_USART1_UART_Init	5
C:/CurrentDevelopment/touchUIPCB/touchUI_Bringup/Appli/Core/Src/main.c:789:13:MX_GPIO_Init	1
C:/CurrentDevelopment/touchUIPCB/touchUI_Bringup/Appli/Core/Src/main.c:829:5:_write	1
C:/CurrentDevelopment/touchUIPCB/touchUI_Bringup/Appli/Core/Src/main.c:855:6:uart_printf	2
C:/CurrentDevelopment/touchUIPCB/touchUI_Bringup/Appli/Core/Src/main.c:870:5:__putchar	1
C:/CurrentDevelopment/touchUIPCB/touchUI_Bringup/Appli/Core/Src/main.c:880:6:MPU_Config	1
C:/CurrentDevelopment/touchUIPCB/touchUI_Bringup/Appli/Core/Src/main.c:904:6:HAL_TIM_PeriodElapsedCallback	2
C:/CurrentDevelopment/touchUIPCB/touchUI_Bringup/Appli/Core/Src/main.c:922:6:Error_Handler	1
