../../Drivers/STM32N6xx_HAL_Driver/Inc/stm32n6xx_ll_bus.h:1407:22:LL_AHB4_GRP1_EnableClock	24	static
../../Drivers/STM32N6xx_HAL_Driver/Inc/stm32n6xx_ll_bus.h:1755:22:LL_AHB5_GRP1_EnableClock	24	static
../Core/Src/main.c:71:5:main	8	static
../Core/Src/main.c:117:6:SystemClock_Config	224	static
../Core/Src/main.c:204:13:MX_HPDMA1_Init	16	static
../Core/Src/main.c:276:13:MX_USART1_UART_Init	8	static
../Core/Src/main.c:324:13:MX_GPIO_Init	8	static
../Core/Src/main.c:346:6:Error_Handler	4	static,ignoring_inline_asm
