../TouchGFX/target/generated/nema_hal.c:62:6:HAL_GPU2D_CommandListCpltCallback	16	static
../TouchGFX/target/generated/nema_hal.c:74:6:HAL_GPU2D_ErrorCallback	24	static
../TouchGFX/target/generated/nema_hal.c:95:6:platform_disable_cache	8	static
../TouchGFX/target/generated/nema_hal.c:100:6:platform_invalidate_cache	8	static
../TouchGFX/target/generated/nema_hal.c:105:9:nema_sys_init	48	static
../TouchGFX/target/generated/nema_hal.c:142:10:nema_reg_read	16	static
../TouchGFX/target/generated/nema_hal.c:147:6:nema_reg_write	16	static
../TouchGFX/target/generated/nema_hal.c:152:5:nema_wait_irq	8	static
../TouchGFX/target/generated/nema_hal.c:160:5:nema_wait_irq_cl	16	static
../TouchGFX/target/generated/nema_hal.c:170:5:nema_wait_irq_brk	16	static
../TouchGFX/target/generated/nema_hal.c:180:6:nema_host_free	16	static
../TouchGFX/target/generated/nema_hal.c:185:7:nema_host_malloc	16	static
../TouchGFX/target/generated/nema_hal.c:190:15:nema_buffer_create	40	static
../TouchGFX/target/generated/nema_hal.c:202:15:nema_buffer_create_pool	48	static
../TouchGFX/target/generated/nema_hal.c:215:7:nema_buffer_map	16	static
../TouchGFX/target/generated/nema_hal.c:220:6:nema_buffer_unmap	16	static
../TouchGFX/target/generated/nema_hal.c:226:6:nema_buffer_destroy	16	static
../TouchGFX/target/generated/nema_hal.c:241:11:nema_buffer_phys	16	static
../TouchGFX/target/generated/nema_hal.c:246:6:nema_buffer_flush	16	static
../TouchGFX/target/generated/nema_hal.c:252:5:nema_mutex_lock	24	static
../TouchGFX/target/generated/nema_hal.c:264:5:nema_mutex_unlock	24	static
