C:/ST/touchUI_Development/touchUI_Bringup/Drivers/CMSIS/Include/core_cm55.h:3918:22:void __NVIC_EnableIRQ(IRQn_Type)	16	static,ignoring_inline_asm
C:/ST/touchUI_Development/touchUI_Bringup/Drivers/CMSIS/Include/core_cm55.h:3956:22:void __NVIC_DisableIRQ(IRQn_Type)	16	static,ignoring_inline_asm
C:/ST/touchUI_Development/touchUI_Bringup/Drivers/STM32N6xx_HAL_Driver/Inc/stm32n6xx_ll_bus.h:1755:22:void LL_AHB5_GRP1_EnableClock(uint32_t)	24	static
C:/ST/touchUI_Development/touchUI_Bringup/Drivers/STM32N6xx_HAL_Driver/Inc/stm32n6xx_ll_bus.h:1945:22:void LL_AHB5_GRP1_ForceReset(uint32_t)	16	static
C:/ST/touchUI_Development/touchUI_Bringup/Drivers/STM32N6xx_HAL_Driver/Inc/stm32n6xx_ll_bus.h:1999:22:void LL_AHB5_GRP1_ReleaseReset(uint32_t)	16	static
C:/ST/touchUI_Development/touchUI_Bringup/Appli/Middlewares/ST/touchgfx/framework/include/touchgfx/hal/Types.hpp:78:5:touchgfx::colortype::colortype()	16	static
C:/ST/touchUI_Development/touchUI_Bringup/Appli/Middlewares/ST/touchgfx/framework/include/touchgfx/hal/Types.hpp:114:5:touchgfx::colortype::operator uint32_t() const	16	static
C:/ST/touchUI_Development/touchUI_Bringup/Appli/Middlewares/ST/touchgfx/framework/include/touchgfx/hal/DMA.hpp:61:13:touchgfx::DMA_Queue::~DMA_Queue()	16	static
C:/ST/touchUI_Development/touchUI_Bringup/Appli/Middlewares/ST/touchgfx/framework/include/touchgfx/hal/DMA.hpp:61:13:virtual touchgfx::DMA_Queue::~DMA_Queue()	16	static
C:/ST/touchUI_Development/touchUI_Bringup/Appli/Middlewares/ST/touchgfx/framework/include/touchgfx/hal/DMA.hpp:138:18:virtual void touchgfx::DMA_Interface::flush()	16	static
C:/ST/touchUI_Development/touchUI_Bringup/Appli/Middlewares/ST/touchgfx/framework/include/touchgfx/hal/DMA.hpp:240:13:touchgfx::DMA_Interface::~DMA_Interface()	16	static
C:/ST/touchUI_Development/touchUI_Bringup/Appli/Middlewares/ST/touchgfx/framework/include/touchgfx/hal/DMA.hpp:240:13:virtual touchgfx::DMA_Interface::~DMA_Interface()	16	static
C:/ST/touchUI_Development/touchUI_Bringup/Appli/Middlewares/ST/touchgfx/framework/include/touchgfx/hal/DMA.hpp:250:5:touchgfx::DMA_Interface::DMA_Interface(touchgfx::DMA_Queue&)	16	static
C:/ST/touchUI_Development/touchUI_Bringup/Appli/TouchGFX/target/generated/STM32DMA.hpp:97:31:virtual touchgfx::DMAType STM32DMA::getDMAType()	16	static
C:/ST/touchUI_Development/touchUI_Bringup/Appli/TouchGFX/target/generated/STM32DMA.hpp:133:18:virtual void STM32DMA::signalDMAInterrupt()	16	static
C:/ST/touchUI_Development/touchUI_Bringup/Appli/TouchGFX/target/generated/STM32DMA.hpp:159:18:virtual void STM32DMA::start()	16	static
C:/ST/touchUI_Development/touchUI_Bringup/Appli/TouchGFX/target/generated/STM32DMA.hpp:203:10:void STM32DMA::externalJobCompleted()	16	static
C:/ST/touchUI_Development/touchUI_Bringup/Appli/TouchGFX/target/generated/STM32DMA.hpp:219:10:void STM32DMA::externalJobExecute()	16	static
C:/ST/touchUI_Development/touchUI_Bringup/Appli/Middlewares/ST/touchgfx/framework/include/touchgfx/hal/HAL.hpp:117:17:static touchgfx::HAL* touchgfx::HAL::getInstance()	4	static
C:/ST/touchUI_Development/touchUI_Bringup/Appli/Middlewares/ST/touchgfx/framework/include/touchgfx/hal/HAL.hpp:171:10:void touchgfx::HAL::signalDMAInterrupt()	16	static
../TouchGFX/target/generated/STM32DMA.cpp:39:17:void DMA2D_XferCpltCallback(DMA2D_HandleTypeDef*)	16	static
../TouchGFX/target/generated/STM32DMA.cpp:45:17:void DMA2D_XferErrorCallback(DMA2D_HandleTypeDef*)	16	static
C:/ST/touchUI_Development/touchUI_Bringup/Appli/Middlewares/ST/touchgfx/framework/include/touchgfx/hal/DMA.hpp:87:7:touchgfx::LockFreeDMA_Queue::~LockFreeDMA_Queue()	16	static
C:/ST/touchUI_Development/touchUI_Bringup/Appli/Middlewares/ST/touchgfx/framework/include/touchgfx/hal/DMA.hpp:87:7:virtual touchgfx::LockFreeDMA_Queue::~LockFreeDMA_Queue()	16	static
C:/ST/touchUI_Development/touchUI_Bringup/Appli/Middlewares/ST/touchgfx/framework/include/touchgfx/hal/BlitOp.hpp:46:8:touchgfx::BlitOp::BlitOp()	16	static
../TouchGFX/target/generated/STM32DMA.cpp:55:1:STM32DMA::STM32DMA()	24	static
../TouchGFX/target/generated/STM32DMA.cpp:61:1:STM32DMA::~STM32DMA()	16	static
../TouchGFX/target/generated/STM32DMA.cpp:61:1:virtual STM32DMA::~STM32DMA()	16	static
../TouchGFX/target/generated/STM32DMA.cpp:67:6:virtual void STM32DMA::initialize()	16	static
../TouchGFX/target/generated/STM32DMA.cpp:84:17:uint32_t STM32DMA::getChromARTInputFormat(touchgfx::Bitmap::BitmapFormat)	24	static
../TouchGFX/target/generated/STM32DMA.cpp:119:17:uint32_t STM32DMA::getChromARTOutputFormat(touchgfx::Bitmap::BitmapFormat)	24	static
../TouchGFX/target/generated/STM32DMA.cpp:152:16:virtual touchgfx::BlitOperations STM32DMA::getBlitCaps()	16	static
../TouchGFX/target/generated/STM32DMA.cpp:175:6:virtual void STM32DMA::setupDataCopy(const touchgfx::BlitOp&)	48	static
../TouchGFX/target/generated/STM32DMA.cpp:344:6:virtual void STM32DMA::setupDataFill(const touchgfx::BlitOp&)	32	static
../TouchGFX/target/generated/STM32DMA.cpp:412:6:void touchgfx::paint::setL8Palette(const uint8_t*)	16	static
../TouchGFX/target/generated/STM32DMA.cpp:423:6:void touchgfx::paint::tearDown()	4	static
../TouchGFX/target/generated/STM32DMA.cpp:436:6:void touchgfx::paint::flushLine(uint32_t*, int)	32	static,ignoring_inline_asm
../TouchGFX/target/generated/STM32DMA.cpp:452:6:void touchgfx::paint::invalidateTextureCache()	8	static
../TouchGFX/target/generated/STM32DMA.cpp:468:6:void touchgfx::paint::rgb565::lineFromColor(uint16_t*, unsigned int, uint32_t, uint8_t, uint32_t)	24	static
../TouchGFX/target/generated/STM32DMA.cpp:518:6:void touchgfx::paint::rgb565::lineFromRGB565(uint16_t*, const uint16_t*, unsigned int, uint8_t)	24	static
../TouchGFX/target/generated/STM32DMA.cpp:562:6:void touchgfx::paint::rgb565::lineFromARGB8888(uint16_t*, const uint32_t*, unsigned int, uint8_t)	24	static
../TouchGFX/target/generated/STM32DMA.cpp:595:6:void touchgfx::paint::rgb565::lineFromL8RGB888(uint16_t*, const uint8_t*, unsigned int, uint8_t)	24	static
../TouchGFX/target/generated/STM32DMA.cpp:660:6:void touchgfx::paint::rgb565::lineFromL8ARGB8888(uint16_t*, const uint8_t*, unsigned int, uint8_t)	24	static
../TouchGFX/target/generated/STM32DMA.cpp:726:6:void touchgfx::paint::argb8888::lineFromColor(uint32_t*, int16_t, uint32_t, uint8_t)	24	static
../TouchGFX/target/generated/STM32DMA.cpp:776:6:void touchgfx::paint::argb8888::lineFromRGB888(uint8_t*, const uint8_t*, int16_t, uint8_t)	24	static
../TouchGFX/target/generated/STM32DMA.cpp:820:6:void touchgfx::paint::argb8888::lineFromRGB565(uint8_t*, const uint16_t*, int16_t, uint8_t)	24	static
../TouchGFX/target/generated/STM32DMA.cpp:864:6:void touchgfx::paint::argb8888::lineFromARGB8888(uint8_t*, const uint32_t*, int16_t, uint8_t)	24	static
../TouchGFX/target/generated/STM32DMA.cpp:905:6:void touchgfx::paint::argb8888::lineFromL8RGB888(uint8_t*, const uint8_t*, int16_t, uint8_t)	24	static
../TouchGFX/target/generated/STM32DMA.cpp:970:6:void touchgfx::paint::argb8888::lineFromL8ARGB8888(uint8_t*, const uint8_t*, int16_t, uint8_t)	24	static
