C:/ST/touchUI_Development/touchUI_Bringup/Appli/Middlewares/ST/touchgfx/framework/include/touchgfx/hal/VectorRenderer.hpp:42:13:touchgfx::VectorRenderer::~VectorRenderer()	16	static
C:/ST/touchUI_Development/touchUI_Bringup/Appli/Middlewares/ST/touchgfx/framework/include/touchgfx/hal/VectorRenderer.hpp:42:13:virtual touchgfx::VectorRenderer::~VectorRenderer()	16	static
C:/ST/touchUI_Development/touchUI_Bringup/Appli/Middlewares/ST/touchgfx/framework/include/touchgfx/hal/HAL.hpp:108:13:touchgfx::HAL::~HAL()	16	static
C:/ST/touchUI_Development/touchUI_Bringup/Appli/Middlewares/ST/touchgfx/framework/include/touchgfx/hal/HAL.hpp:108:13:virtual touchgfx::HAL::~HAL()	16	static
C:/ST/touchUI_Development/touchUI_Bringup/Appli/Middlewares/ST/touchgfx/framework/include/touchgfx/hal/HAL.hpp:117:17:static touchgfx::HAL* touchgfx::HAL::getInstance()	4	static
C:/ST/touchUI_Development/touchUI_Bringup/Appli/Middlewares/ST/touchgfx/framework/include/touchgfx/hal/HAL.hpp:131:18:virtual void touchgfx::HAL::setDisplayOrientation(touchgfx::DisplayOrientation)	16	static
C:/ST/touchUI_Development/touchUI_Bringup/Appli/Middlewares/ST/touchgfx/framework/include/touchgfx/hal/HAL.hpp:163:18:virtual void touchgfx::HAL::setFrameBufferSize(uint16_t, uint16_t)	16	static
C:/ST/touchUI_Development/touchUI_Bringup/Appli/Middlewares/ST/touchgfx/framework/include/touchgfx/hal/HAL.hpp:216:10:void touchgfx::HAL::frontPorchEntered()	16	static
C:/ST/touchUI_Development/touchUI_Bringup/Appli/Middlewares/ST/touchgfx/framework/include/touchgfx/hal/HAL.hpp:358:28:virtual touchgfx::BlitOperations touchgfx::HAL::getBlitCaps()	16	static
C:/ST/touchUI_Development/touchUI_Bringup/Appli/Middlewares/ST/touchgfx/framework/include/touchgfx/hal/HAL.hpp:646:14:uint32_t touchgfx::HAL::getLCDRefreshCount()	16	static
C:/ST/touchUI_Development/touchUI_Bringup/Appli/Middlewares/ST/touchgfx/framework/include/touchgfx/hal/HAL.hpp:666:10:void touchgfx::HAL::vSync()	16	static
C:/ST/touchUI_Development/touchUI_Bringup/Appli/Middlewares/ST/touchgfx/framework/include/touchgfx/hal/HAL.hpp:685:18:virtual void touchgfx::HAL::backPorchExited()	16	static
C:/ST/touchUI_Development/touchUI_Bringup/Appli/Middlewares/ST/touchgfx/framework/include/touchgfx/hal/HAL.hpp:717:18:virtual bool touchgfx::HAL::sampleKey(uint8_t&)	16	static
C:/ST/touchUI_Development/touchUI_Bringup/Appli/Middlewares/ST/touchgfx/framework/include/touchgfx/hal/HAL.hpp:767:18:virtual void touchgfx::HAL::setFrameBufferStartAddresses(void*, void*, void*)	32	static
C:/ST/touchUI_Development/touchUI_Bringup/Appli/Middlewares/ST/touchgfx/framework/include/touchgfx/hal/HAL.hpp:790:18:virtual void touchgfx::HAL::setAnimationStorage(void*)	16	static
C:/ST/touchUI_Development/touchUI_Bringup/Appli/Middlewares/ST/touchgfx/framework/include/touchgfx/hal/HAL.hpp:828:18:virtual void touchgfx::HAL::waitForLTDCLines(uint16_t)	16	static
C:/ST/touchUI_Development/touchUI_Bringup/Appli/Middlewares/ST/touchgfx/framework/include/touchgfx/hal/HAL.hpp:972:30:virtual touchgfx::FlashDataReader* touchgfx::HAL::getFlashDataReader() const	16	static
C:/ST/touchUI_Development/touchUI_Bringup/Appli/Middlewares/ST/touchgfx/framework/include/touchgfx/hal/HAL.hpp:1134:18:virtual void touchgfx::HAL::taskDelay(uint16_t)	16	static
C:/ST/touchUI_Development/touchUI_Bringup/Appli/Middlewares/ST/touchgfx/framework/include/touchgfx/hal/HAL.hpp:1172:21:virtual touchgfx::DMAType touchgfx::HAL::getDMAType()	16	static
C:/ST/touchUI_Development/touchUI_Bringup/Appli/Middlewares/ST/touchgfx/framework/include/touchgfx/hal/HAL.hpp:1319:18:virtual void touchgfx::HAL::partialLTDCDeadlineMissed()	16	static
C:/ST/touchUI_Development/touchUI_Bringup/Appli/Middlewares/ST/touchgfx/framework/include/touchgfx/hal/HAL.hpp:1349:15:uint16_t* touchgfx::HAL::getClientFrameBuffer()	16	static
C:/ST/touchUI_Development/touchUI_Bringup/Appli/Middlewares/ST/touchgfx/framework/include/touchgfx/hal/HAL.hpp:1370:18:virtual void touchgfx::HAL::performDisplayOrientationChange()	24	static
C:/ST/touchUI_Development/touchUI_Bringup/Appli/Middlewares/ST/touchgfx_components/gpu2d/TouchGFXNema/include/touchgfx_nema/HALGPU2D.hpp:10:7:touchgfx::HALGPU2D::~HALGPU2D()	16	static
C:/ST/touchUI_Development/touchUI_Bringup/Appli/Middlewares/ST/touchgfx_components/gpu2d/TouchGFXNema/include/touchgfx_nema/HALGPU2D.hpp:10:7:virtual touchgfx::HALGPU2D::~HALGPU2D()	16	static
C:/ST/touchUI_Development/touchUI_Bringup/Appli/TouchGFX/target/generated/TouchGFXGeneratedHAL.hpp:106:18:virtual void TouchGFXGeneratedHAL::flushFrameBuffer()	16	static
C:/ST/touchUI_Development/touchUI_Bringup/Appli/TouchGFX/target/generated/TouchGFXGeneratedHAL.hpp:119:18:virtual void TouchGFXGeneratedHAL::unlockFrameBuffer()	16	static
C:/ST/touchUI_Development/touchUI_Bringup/Drivers/CMSIS/Include/core_cm55.h:3918:22:void __NVIC_EnableIRQ(IRQn_Type)	16	static,ignoring_inline_asm
C:/ST/touchUI_Development/touchUI_Bringup/Drivers/CMSIS/Include/core_cm55.h:3956:22:void __NVIC_DisableIRQ(IRQn_Type)	16	static,ignoring_inline_asm
C:/ST/touchUI_Development/touchUI_Bringup/Drivers/CMSIS/Include/core_cm55.h:4115:22:void __NVIC_SetPriority(IRQn_Type, uint32_t)	16	static
C:/ST/touchUI_Development/touchUI_Bringup/Appli/Middlewares/ST/touchgfx/framework/include/touchgfx/hal/VideoController.hpp:100:13:touchgfx::VideoController::~VideoController()	16	static
C:/ST/touchUI_Development/touchUI_Bringup/Appli/Middlewares/ST/touchgfx/framework/include/touchgfx/hal/VideoController.hpp:100:13:virtual touchgfx::VideoController::~VideoController()	16	static
C:/ST/touchUI_Development/touchUI_Bringup/Appli/TouchGFX/target/generated/MJPEGDecoder.hpp:27:13:MJPEGDecoder::~MJPEGDecoder()	16	static
C:/ST/touchUI_Development/touchUI_Bringup/Appli/TouchGFX/target/generated/MJPEGDecoder.hpp:27:13:virtual MJPEGDecoder::~MJPEGDecoder()	16	static
C:/ST/touchUI_Development/touchUI_Bringup/Appli/TouchGFX/target/generated/HardwareMJPEGDecoder.hpp:79:10:void HardwareMJPEGDecoder::addDMA(touchgfx::DMA_Interface&)	16	static
C:/ST/touchUI_Development/touchUI_Bringup/Appli/Middlewares/ST/touchgfx/framework/include/touchgfx/widgets/VideoWidget.hpp:159:10:void touchgfx::VideoWidget::setVideoBuffer(uint8_t*)	16	static
C:/ST/touchUI_Development/touchUI_Bringup/Appli/Middlewares/ST/touchgfx/framework/include/touchgfx/widgets/VideoWidget.hpp:172:10:void touchgfx::VideoWidget::setVideoBufferFormat(touchgfx::Bitmap::BitmapFormat, int16_t, int16_t)	24	static
../TouchGFX/target/generated/TouchGFXGeneratedHAL.cpp:40:18:static touchgfx::VideoController& touchgfx::VideoController::getInstance()	4	static
C:/ST/touchUI_Development/touchUI_Bringup/Appli/Middlewares/ST/touchgfx_components/gpu2d/TouchGFXNema/include/touchgfx_nema/GPU2DVectorRenderer.hpp:9:7:touchgfx::GPU2DVectorRenderer::~GPU2DVectorRenderer()	16	static
C:/ST/touchUI_Development/touchUI_Bringup/Appli/Middlewares/ST/touchgfx_components/gpu2d/TouchGFXNema/include/touchgfx_nema/GPU2DVectorRenderer.hpp:9:7:virtual touchgfx::GPU2DVectorRenderer::~GPU2DVectorRenderer()	16	static
../TouchGFX/target/generated/TouchGFXGeneratedHAL.cpp:49:32:void __tcf_1()	8	static
../TouchGFX/target/generated/TouchGFXGeneratedHAL.cpp:47:17:static touchgfx::VectorRenderer* touchgfx::VectorRenderer::getInstance()	8	static,ignoring_inline_asm
../TouchGFX/target/generated/TouchGFXGeneratedHAL.cpp:74:6:virtual void TouchGFXGeneratedHAL::initialize()	24	static
../TouchGFX/target/generated/TouchGFXGeneratedHAL.cpp:96:6:virtual void TouchGFXGeneratedHAL::configureInterrupts()	16	static
../TouchGFX/target/generated/TouchGFXGeneratedHAL.cpp:103:6:virtual void TouchGFXGeneratedHAL::enableInterrupts()	16	static
../TouchGFX/target/generated/TouchGFXGeneratedHAL.cpp:110:6:virtual void TouchGFXGeneratedHAL::disableInterrupts()	16	static
../TouchGFX/target/generated/TouchGFXGeneratedHAL.cpp:117:6:virtual void TouchGFXGeneratedHAL::enableLCDControllerInterrupt()	16	static
../TouchGFX/target/generated/TouchGFXGeneratedHAL.cpp:128:6:virtual bool TouchGFXGeneratedHAL::beginFrame()	16	static
../TouchGFX/target/generated/TouchGFXGeneratedHAL.cpp:133:6:virtual void TouchGFXGeneratedHAL::endFrame()	16	static
../TouchGFX/target/generated/TouchGFXGeneratedHAL.cpp:138:6:virtual void TouchGFXGeneratedHAL::submitGPU2D()	16	static
../TouchGFX/target/generated/TouchGFXGeneratedHAL.cpp:143:11:virtual uint16_t* TouchGFXGeneratedHAL::getTFTFrameBuffer() const	16	static
../TouchGFX/target/generated/TouchGFXGeneratedHAL.cpp:148:6:virtual void TouchGFXGeneratedHAL::setTFTFrameBuffer(uint16_t*)	16	static
../TouchGFX/target/generated/TouchGFXGeneratedHAL.cpp:156:6:virtual void TouchGFXGeneratedHAL::flushFrameBuffer(const touchgfx::Rect&)	16	static
../TouchGFX/target/generated/TouchGFXGeneratedHAL.cpp:161:6:virtual bool TouchGFXGeneratedHAL::blockCopy(void*, const void*, uint32_t)	24	static
../TouchGFX/target/generated/TouchGFXGeneratedHAL.cpp:166:10:virtual uint16_t TouchGFXGeneratedHAL::getTFTCurrentLine()	24	static
../TouchGFX/target/generated/TouchGFXGeneratedHAL.cpp:180:6:virtual void TouchGFXGeneratedHAL::InvalidateCache()	32	static,ignoring_inline_asm
../TouchGFX/target/generated/TouchGFXGeneratedHAL.cpp:193:6:virtual void TouchGFXGeneratedHAL::FlushCache()	32	static,ignoring_inline_asm
../TouchGFX/target/generated/TouchGFXGeneratedHAL.cpp:206:6:virtual void TouchGFXGeneratedHAL::InvalidateTextureCache()	16	static
../TouchGFX/target/generated/TouchGFXGeneratedHAL.cpp:252:10:void HAL_LTDC_LineEventCallback(LTDC_HandleTypeDef*)	16	static
C:/ST/touchUI_Development/touchUI_Bringup/Appli/Middlewares/ST/touchgfx/framework/include/touchgfx/hal/VideoController.hpp:85:7:constexpr touchgfx::VideoController::VideoController()	16	static
C:/ST/touchUI_Development/touchUI_Bringup/Appli/TouchGFX/target/generated/DirectFrameBufferVideoController.hpp:35:5:DirectFrameBufferVideoController<no_streams, output_format>::DirectFrameBufferVideoController() [with long unsigned int no_streams = 1; touchgfx::Bitmap::BitmapFormat output_format = touchgfx::Bitmap::RGB565]	24	static
C:/ST/touchUI_Development/touchUI_Bringup/Appli/TouchGFX/target/generated/DirectFrameBufferVideoController.hpp:270:10:void DirectFrameBufferVideoController<no_streams, output_format>::addDecoder(MJPEGDecoder&, uint32_t) [with long unsigned int no_streams = 1; touchgfx::Bitmap::BitmapFormat output_format = touchgfx::Bitmap::RGB565]	24	static
C:/ST/touchUI_Development/touchUI_Bringup/Appli/TouchGFX/target/generated/DirectFrameBufferVideoController.hpp:306:9:DirectFrameBufferVideoController<no_streams, output_format>::Stream::Stream() [with long unsigned int no_streams = 1; touchgfx::Bitmap::BitmapFormat output_format = touchgfx::Bitmap::RGB565]	16	static
C:/ST/touchUI_Development/touchUI_Bringup/Appli/TouchGFX/target/generated/DirectFrameBufferVideoController.hpp:32:7:DirectFrameBufferVideoController<1, touchgfx::Bitmap::RGB565>::~DirectFrameBufferVideoController()	16	static
C:/ST/touchUI_Development/touchUI_Bringup/Appli/TouchGFX/target/generated/DirectFrameBufferVideoController.hpp:32:7:virtual DirectFrameBufferVideoController<1, touchgfx::Bitmap::RGB565>::~DirectFrameBufferVideoController()	16	static
C:/ST/touchUI_Development/touchUI_Bringup/Appli/TouchGFX/target/generated/TouchGFXGeneratedHAL.hpp:30:7:TouchGFXGeneratedHAL::~TouchGFXGeneratedHAL()	16	static
C:/ST/touchUI_Development/touchUI_Bringup/Appli/TouchGFX/target/generated/TouchGFXGeneratedHAL.hpp:30:7:virtual TouchGFXGeneratedHAL::~TouchGFXGeneratedHAL()	16	static
../TouchGFX/target/generated/TouchGFXGeneratedHAL.cpp:286:1:void __static_initialization_and_destruction_0()	8	static
C:/ST/touchUI_Development/touchUI_Bringup/Appli/TouchGFX/target/generated/HardwareMJPEGDecoder.hpp:45:7:HardwareMJPEGDecoder::~HardwareMJPEGDecoder()	16	static
C:/ST/touchUI_Development/touchUI_Bringup/Appli/TouchGFX/target/generated/HardwareMJPEGDecoder.hpp:45:7:virtual HardwareMJPEGDecoder::~HardwareMJPEGDecoder()	16	static
../TouchGFX/target/generated/TouchGFXGeneratedHAL.cpp:286:1:void __static_initialization_and_destruction_1()	8	static
C:/ST/touchUI_Development/touchUI_Bringup/Appli/TouchGFX/target/generated/DirectFrameBufferVideoController.hpp:44:20:touchgfx::VideoController::Handle DirectFrameBufferVideoController<no_streams, output_format>::registerVideoWidget(touchgfx::VideoWidget&) [with long unsigned int no_streams = 1; touchgfx::Bitmap::BitmapFormat output_format = touchgfx::Bitmap::RGB565]	24	static
C:/ST/touchUI_Development/touchUI_Bringup/Appli/TouchGFX/target/generated/DirectFrameBufferVideoController.hpp:58:18:void DirectFrameBufferVideoController<no_streams, output_format>::unregisterVideoWidget(touchgfx::VideoController::Handle) [with long unsigned int no_streams = 1; touchgfx::Bitmap::BitmapFormat output_format = touchgfx::Bitmap::RGB565]	16	static
C:/ST/touchUI_Development/touchUI_Bringup/Appli/TouchGFX/target/generated/DirectFrameBufferVideoController.hpp:63:18:void DirectFrameBufferVideoController<no_streams, output_format>::setFrameRate(touchgfx::VideoController::Handle, uint32_t, uint32_t) [with long unsigned int no_streams = 1; touchgfx::Bitmap::BitmapFormat output_format = touchgfx::Bitmap::RGB565]	32	static
C:/ST/touchUI_Development/touchUI_Bringup/Appli/TouchGFX/target/generated/DirectFrameBufferVideoController.hpp:168:18:bool DirectFrameBufferVideoController<no_streams, output_format>::updateFrame(touchgfx::VideoController::Handle, touchgfx::VideoWidget&) [with long unsigned int no_streams = 1; touchgfx::Bitmap::BitmapFormat output_format = touchgfx::Bitmap::RGB565]	48	static
C:/ST/touchUI_Development/touchUI_Bringup/Appli/TouchGFX/target/generated/DirectFrameBufferVideoController.hpp:232:18:void DirectFrameBufferVideoController<no_streams, output_format>::draw(touchgfx::VideoController::Handle, const touchgfx::Rect&, const touchgfx::VideoWidget&) [with long unsigned int no_streams = 1; touchgfx::Bitmap::BitmapFormat output_format = touchgfx::Bitmap::RGB565]	48	static
C:/ST/touchUI_Development/touchUI_Bringup/Appli/TouchGFX/target/generated/DirectFrameBufferVideoController.hpp:77:18:void DirectFrameBufferVideoController<no_streams, output_format>::setVideoData(touchgfx::VideoController::Handle, const uint8_t*, uint32_t) [with long unsigned int no_streams = 1; touchgfx::Bitmap::BitmapFormat output_format = touchgfx::Bitmap::RGB565]	40	static
C:/ST/touchUI_Development/touchUI_Bringup/Appli/TouchGFX/target/generated/DirectFrameBufferVideoController.hpp:93:18:void DirectFrameBufferVideoController<no_streams, output_format>::setVideoData(touchgfx::VideoController::Handle, touchgfx::VideoDataReader&) [with long unsigned int no_streams = 1; touchgfx::Bitmap::BitmapFormat output_format = touchgfx::Bitmap::RGB565]	40	static
C:/ST/touchUI_Development/touchUI_Bringup/Appli/TouchGFX/target/generated/DirectFrameBufferVideoController.hpp:109:18:void DirectFrameBufferVideoController<no_streams, output_format>::setCommand(touchgfx::VideoController::Handle, touchgfx::VideoController::Command, uint32_t) [with long unsigned int no_streams = 1; touchgfx::Bitmap::BitmapFormat output_format = touchgfx::Bitmap::RGB565]	40	static
C:/ST/touchUI_Development/touchUI_Bringup/Appli/TouchGFX/target/generated/DirectFrameBufferVideoController.hpp:276:22:uint32_t DirectFrameBufferVideoController<no_streams, output_format>::getCurrentFrameNumber(touchgfx::VideoController::Handle) [with long unsigned int no_streams = 1; touchgfx::Bitmap::BitmapFormat output_format = touchgfx::Bitmap::RGB565]	24	static
C:/ST/touchUI_Development/touchUI_Bringup/Appli/TouchGFX/target/generated/DirectFrameBufferVideoController.hpp:284:18:void DirectFrameBufferVideoController<no_streams, output_format>::getVideoInformation(touchgfx::VideoController::Handle, touchgfx::VideoInformation*) [with long unsigned int no_streams = 1; touchgfx::Bitmap::BitmapFormat output_format = touchgfx::Bitmap::RGB565]	24	static
C:/ST/touchUI_Development/touchUI_Bringup/Appli/TouchGFX/target/generated/DirectFrameBufferVideoController.hpp:290:18:bool DirectFrameBufferVideoController<no_streams, output_format>::getIsPlaying(touchgfx::VideoController::Handle) [with long unsigned int no_streams = 1; touchgfx::Bitmap::BitmapFormat output_format = touchgfx::Bitmap::RGB565]	24	static
C:/ST/touchUI_Development/touchUI_Bringup/Appli/TouchGFX/target/generated/DirectFrameBufferVideoController.hpp:297:18:void DirectFrameBufferVideoController<no_streams, output_format>::setVideoFrameRateCompensation(bool) [with long unsigned int no_streams = 1; touchgfx::Bitmap::BitmapFormat output_format = touchgfx::Bitmap::RGB565]	16	static
C:/ST/touchUI_Development/touchUI_Bringup/Appli/TouchGFX/target/generated/DirectFrameBufferVideoController.hpp:355:12:touchgfx::VideoController::Handle DirectFrameBufferVideoController<no_streams, output_format>::getFreeHandle() [with long unsigned int no_streams = 1; touchgfx::Bitmap::BitmapFormat output_format = touchgfx::Bitmap::RGB565]	24	static
C:/ST/touchUI_Development/touchUI_Bringup/Appli/TouchGFX/target/generated/DirectFrameBufferVideoController.hpp:335:10:bool DirectFrameBufferVideoController<no_streams, output_format>::decodeForNextTick(Stream&) [with long unsigned int no_streams = 1; touchgfx::Bitmap::BitmapFormat output_format = touchgfx::Bitmap::RGB565]	16	static
../TouchGFX/target/generated/TouchGFXGeneratedHAL.cpp:286:1:cpp)	8	static
../TouchGFX/target/generated/TouchGFXGeneratedHAL.cpp:286:1:cpp)	8	static
