C:/ST/touchUI_Development/touchUI_Bringup/Appli/Middlewares/ST/touchgfx/framework/include/touchgfx/Font.hpp:169:13:touchgfx::Font::~Font()	16	static
C:/ST/touchUI_Development/touchUI_Bringup/Appli/Middlewares/ST/touchgfx/framework/include/touchgfx/Font.hpp:169:13:virtual touchgfx::Font::~Font()	16	static
C:/ST/touchUI_Development/touchUI_Bringup/Appli/Middlewares/ST/touchgfx/framework/include/touchgfx/ConstFont.hpp:35:7:touchgfx::ConstFont::~ConstFont()	16	static
C:/ST/touchUI_Development/touchUI_Bringup/Appli/Middlewares/ST/touchgfx/framework/include/touchgfx/ConstFont.hpp:35:7:virtual touchgfx::ConstFont::~ConstFont()	16	static
C:/ST/touchUI_Development/touchUI_Bringup/Appli/TouchGFX/generated/fonts/include/fonts/GeneratedFont.hpp:11:7:touchgfx::GeneratedFont::~GeneratedFont()	16	static
C:/ST/touchUI_Development/touchUI_Bringup/Appli/TouchGFX/generated/fonts/include/fonts/GeneratedFont.hpp:11:7:virtual touchgfx::GeneratedFont::~GeneratedFont()	16	static
../TouchGFX/generated/fonts/src/Table_EaseStandard_Bold_17_4bpp.cpp:76:207:void __tcf_0()	8	static
../TouchGFX/generated/fonts/src/Table_EaseStandard_Bold_17_4bpp.cpp:74:26:touchgfx::GeneratedFont& getFont_EaseStandard_Bold_17_4bpp()	64	static,ignoring_inline_asm
